---
source: crates/bevy_flair_style/src/lib.rs
expression: scene_serializer
---
Scene(
  resources: {},
  entities: {
    4294967296: Entity(
      components: {
        "bevy_ecs::hierarchy::Children": Children([
          4294967297,
          4294967298,
          4294967299,
        ]),
        "bevy_ecs::name::Name": "Root",
        "bevy_flair_style::components::NodeStyleSheet": StyleSheet(Weak(Uuid(
          uuid: "fe981062-17ce-46e4-999a-5a61ea8fe722",
        ))),
        "bevy_flair_style::components::Siblings": Siblings(
          next_sibling: None,
          previous_sibling: None,
        ),
      },
    ),
    4294967297: Entity(
      components: {
        "bevy_ecs::hierarchy::ChildOf": ChildOf(4294967296),
        "bevy_flair_style::components::NodeStyleSheet": Inherited,
        "bevy_flair_style::components::Siblings": Siblings(
          next_sibling: Some(4294967298),
          previous_sibling: None,
        ),
        "bevy_flair_style::tests::Child": Child(),
      },
    ),
    4294967298: Entity(
      components: {
        "bevy_ecs::hierarchy::ChildOf": ChildOf(4294967296),
        "bevy_flair_style::components::NodeStyleSheet": Inherited,
        "bevy_flair_style::components::Siblings": Siblings(
          next_sibling: Some(4294967299),
          previous_sibling: Some(4294967297),
        ),
        "bevy_flair_style::tests::Child": Child(),
      },
    ),
    4294967299: Entity(
      components: {
        "bevy_ecs::hierarchy::ChildOf": ChildOf(4294967296),
        "bevy_flair_style::components::NodeStyleSheet": Inherited,
        "bevy_flair_style::components::Siblings": Siblings(
          next_sibling: None,
          previous_sibling: Some(4294967298),
        ),
        "bevy_flair_style::tests::Child": Child(),
      },
    ),
  },
)
