---
source: crates/bevy_flair_style/src/lib.rs
expression: scene_serializer
---
Scene(
  resources: {},
  entities: {
    4294967296: Entity(
      components: {
        "bevy_ecs::hierarchy::Children": Children([
          4294967297,
          4294967298,
        ]),
        "bevy_ecs::name::Name": "Root",
        "bevy_flair_style::components::NodeStyleData": NodeStyleData(
          effective_style_sheet: Weak(Uuid(
            uuid: "fe981062-17ce-46e4-999a-5a61ea8fe722",
          )),
          selector_flags: 0,
          recalculation_flags: 0,
          is_root: true,
          name: Some("Root"),
          classes: [],
          type_names: [
            TypeNameWithPriority(
              priority: 0,
              name: "Node",
            ),
          ],
          pseudo_state: NodePseudoState(
            pressed: false,
            hovered: false,
            focused: false,
            focused_and_visible: false,
          ),
        ),
        "bevy_flair_style::components::NodeStyleSheet": StyleSheet(Weak(Uuid(
          uuid: "fe981062-17ce-46e4-999a-5a61ea8fe722",
        ))),
      },
    ),
    4294967297: Entity(
      components: {
        "bevy_ecs::hierarchy::ChildOf": ChildOf(
          parent: 4294967296,
        ),
        "bevy_ecs::hierarchy::Children": Children([
          4294967299,
          4294967300,
        ]),
        "bevy_flair_style::components::NodeStyleData": NodeStyleData(
          effective_style_sheet: Weak(Uuid(
            uuid: "fe981062-17ce-46e4-999a-5a61ea8fe722",
          )),
          selector_flags: 0,
          recalculation_flags: 0,
          is_root: false,
          name: None,
          classes: [],
          type_names: [
            TypeNameWithPriority(
              priority: 0,
              name: "Node",
            ),
          ],
          pseudo_state: NodePseudoState(
            pressed: false,
            hovered: false,
            focused: false,
            focused_and_visible: false,
          ),
        ),
        "bevy_flair_style::components::NodeStyleSheet": Inherited,
        "bevy_flair_style::tests::Child": Child(),
      },
    ),
    4294967298: Entity(
      components: {
        "bevy_ecs::hierarchy::ChildOf": ChildOf(
          parent: 4294967296,
        ),
        "bevy_ecs::hierarchy::Children": Children([
          4294967301,
          4294967302,
        ]),
        "bevy_flair_style::components::NodeStyleData": NodeStyleData(
          effective_style_sheet: Weak(Uuid(
            uuid: "51928a2e-91ad-413c-a910-d02c6a716cc8",
          )),
          selector_flags: 0,
          recalculation_flags: 0,
          is_root: false,
          name: None,
          classes: [],
          type_names: [
            TypeNameWithPriority(
              priority: 0,
              name: "Node",
            ),
          ],
          pseudo_state: NodePseudoState(
            pressed: false,
            hovered: false,
            focused: false,
            focused_and_visible: false,
          ),
        ),
        "bevy_flair_style::components::NodeStyleSheet": Block,
        "bevy_flair_style::tests::Child": Child(),
      },
    ),
    4294967299: Entity(
      components: {
        "bevy_ecs::hierarchy::ChildOf": ChildOf(
          parent: 4294967297,
        ),
        "bevy_flair_style::components::NodeStyleData": NodeStyleData(
          effective_style_sheet: Weak(Uuid(
            uuid: "fe981062-17ce-46e4-999a-5a61ea8fe722",
          )),
          selector_flags: 0,
          recalculation_flags: 0,
          is_root: false,
          name: None,
          classes: [],
          type_names: [
            TypeNameWithPriority(
              priority: 0,
              name: "Node",
            ),
          ],
          pseudo_state: NodePseudoState(
            pressed: false,
            hovered: false,
            focused: false,
            focused_and_visible: false,
          ),
        ),
        "bevy_flair_style::components::NodeStyleSheet": Inherited,
        "bevy_flair_style::tests::GrandChild": GrandChild(),
      },
    ),
    4294967300: Entity(
      components: {
        "bevy_ecs::hierarchy::ChildOf": ChildOf(
          parent: 4294967297,
        ),
        "bevy_flair_style::components::NodeStyleData": NodeStyleData(
          effective_style_sheet: Weak(Uuid(
            uuid: "fe981062-17ce-46e4-999a-5a61ea8fe722",
          )),
          selector_flags: 0,
          recalculation_flags: 0,
          is_root: false,
          name: None,
          classes: [],
          type_names: [
            TypeNameWithPriority(
              priority: 0,
              name: "Node",
            ),
          ],
          pseudo_state: NodePseudoState(
            pressed: false,
            hovered: false,
            focused: false,
            focused_and_visible: false,
          ),
        ),
        "bevy_flair_style::components::NodeStyleSheet": Inherited,
        "bevy_flair_style::tests::GrandChild": GrandChild(),
      },
    ),
    4294967301: Entity(
      components: {
        "bevy_ecs::hierarchy::ChildOf": ChildOf(
          parent: 4294967298,
        ),
        "bevy_flair_style::components::NodeStyleData": NodeStyleData(
          effective_style_sheet: Weak(Uuid(
            uuid: "51928a2e-91ad-413c-a910-d02c6a716cc8",
          )),
          selector_flags: 0,
          recalculation_flags: 0,
          is_root: false,
          name: None,
          classes: [],
          type_names: [
            TypeNameWithPriority(
              priority: 0,
              name: "Node",
            ),
          ],
          pseudo_state: NodePseudoState(
            pressed: false,
            hovered: false,
            focused: false,
            focused_and_visible: false,
          ),
        ),
        "bevy_flair_style::components::NodeStyleSheet": Inherited,
        "bevy_flair_style::tests::GrandChild": GrandChild(),
      },
    ),
    4294967302: Entity(
      components: {
        "bevy_ecs::hierarchy::ChildOf": ChildOf(
          parent: 4294967298,
        ),
        "bevy_flair_style::components::NodeStyleData": NodeStyleData(
          effective_style_sheet: Weak(Uuid(
            uuid: "51928a2e-91ad-413c-a910-d02c6a716cc8",
          )),
          selector_flags: 0,
          recalculation_flags: 0,
          is_root: false,
          name: None,
          classes: [],
          type_names: [
            TypeNameWithPriority(
              priority: 0,
              name: "Node",
            ),
          ],
          pseudo_state: NodePseudoState(
            pressed: false,
            hovered: false,
            focused: false,
            focused_and_visible: false,
          ),
        ),
        "bevy_flair_style::components::NodeStyleSheet": Inherited,
        "bevy_flair_style::tests::GrandChild": GrandChild(),
      },
    ),
  },
)
